// Jest Snapshot v1, https://goo.gl/fbAQLP

exports[`<FontawesomeIcon> should render a masked icon passing a mask icon 1`] = `null`;

exports[`<FontawesomeIcon> should render correctly passing an icon array 1`] = `null`;

exports[`<FontawesomeIcon> should render correctly passing an icon name 1`] = `
<View>
  <RNSVGSvgView
    align="xMidYMid"
    aria-hidden="true"
    bbHeight="24"
    bbWidth="24"
    class="svg-inline--fa fa-circle fa-w-16"
    data-icon="circle"
    data-prefix="fas"
    focusable="false"
    height="24"
    meetOrSlice={0}
    minX={0}
    minY={0}
    role="img"
    style={
      Array [
        Object {
          "backgroundColor": "transparent",
          "borderWidth": 0,
        },
        undefined,
        null,
        Object {
          "flex": 0,
          "height": 24,
          "width": 24,
        },
      ]
    }
    vbHeight={512}
    vbWidth={512}
    width="24"
    xmlns="http://www.w3.org/2000/svg"
  >
    <RNSVGGroup
      fill={
        Array [
          0,
          0,
          0,
          0,
          1,
        ]
      }
      fillOpacity={1}
      fillRule={1}
      font={Object {}}
      matrix={
        Array [
          1,
          0,
          -0,
          1,
          0,
          0,
        ]
      }
      opacity={1}
      originX={0}
      originY={0}
      propList={
        Array [
          "fill",
          "fillOpacity",
          "fillRule",
          "stroke",
          "strokeWidth",
          "strokeOpacity",
          "strokeDasharray",
          "strokeDashoffset",
          "strokeLinecap",
          "strokeLinejoin",
          "strokeMiterlimit",
        ]
      }
      rotation={0}
      scaleX={1}
      scaleY={1}
      skewX={0}
      skewY={0}
      stroke={null}
      strokeDasharray={null}
      strokeDashoffset={null}
      strokeLinecap={0}
      strokeLinejoin={0}
      strokeMiterlimit={4}
      strokeOpacity={1}
      strokeWidth={1}
      x={0}
      y={0}
    >
      <RNSVGPath
        d="M256 8C119 8 8 119 8 256s111 248 248 248 248-111 248-248S393 8 256 8z"
        fill={
          Array [
            2,
          ]
        }
        fillOpacity={1}
        fillRule={1}
        matrix={
          Array [
            1,
            0,
            -0,
            1,
            0,
            0,
          ]
        }
        opacity={1}
        originX={0}
        originY={0}
        propList={
          Array [
            "fill",
          ]
        }
        rotation={0}
        scaleX={1}
        scaleY={1}
        skewX={0}
        skewY={0}
        stroke={null}
        strokeDasharray={null}
        strokeDashoffset={null}
        strokeLinecap={0}
        strokeLinejoin={0}
        strokeMiterlimit={4}
        strokeOpacity={1}
        strokeWidth={1}
        x={0}
        y={0}
      />
    </RNSVGGroup>
  </RNSVGSvgView>
</View>
`;

exports[`<FontawesomeIcon> should render correctly passing an icon object 1`] = `null`;
